Archive member included to satisfy reference by file (symbol)

/usr/lib/gcc-cross/mips-linux-gnu/12/libgcov.a(_gcov_merge_add.o)
                              aes.o (__gcov_merge_add)
/usr/lib/gcc-cross/mips-linux-gnu/12/libgcov.a(_gcov.o)
                              /usr/lib/gcc-cross/mips-linux-gnu/12/libgcov.a(_gcov_merge_add.o) (__gcov_read_counter)

As-needed library included to satisfy reference by file (symbol)

libc.so.6                     test.o (printf@@GLIBC_2.0)
ld.so.1                       aes.o (__stack_chk_guard@@GLIBC_2.4)

Discarded input sections

 .note.GNU-stack
                0x00000000        0x0 /usr/lib/gcc-cross/mips-linux-gnu/12/../../../../mips-linux-gnu/lib/../lib/crt1.o
 .reginfo       0x00000000       0x18 /usr/lib/gcc-cross/mips-linux-gnu/12/../../../../mips-linux-gnu/lib/../lib/crti.o
 .MIPS.abiflags
                0x00000000       0x18 /usr/lib/gcc-cross/mips-linux-gnu/12/../../../../mips-linux-gnu/lib/../lib/crti.o
 .note.GNU-stack
                0x00000000        0x0 /usr/lib/gcc-cross/mips-linux-gnu/12/../../../../mips-linux-gnu/lib/../lib/crti.o
 .reginfo       0x00000000       0x18 /usr/lib/gcc-cross/mips-linux-gnu/12/crtbegin.o
 .MIPS.abiflags
                0x00000000       0x18 /usr/lib/gcc-cross/mips-linux-gnu/12/crtbegin.o
 .note.GNU-stack
                0x00000000        0x0 /usr/lib/gcc-cross/mips-linux-gnu/12/crtbegin.o
 .reginfo       0x00000000       0x18 aes.o
 .MIPS.abiflags
                0x00000000       0x18 aes.o
 .note.GNU-stack
                0x00000000        0x0 aes.o
 .reginfo       0x00000000       0x18 test.o
 .MIPS.abiflags
                0x00000000       0x18 test.o
 .note.GNU-stack
                0x00000000        0x0 test.o
 .reginfo       0x00000000       0x18 /usr/lib/gcc-cross/mips-linux-gnu/12/libgcov.a(_gcov_merge_add.o)
 .MIPS.abiflags
                0x00000000       0x18 /usr/lib/gcc-cross/mips-linux-gnu/12/libgcov.a(_gcov_merge_add.o)
 .note.GNU-stack
                0x00000000        0x0 /usr/lib/gcc-cross/mips-linux-gnu/12/libgcov.a(_gcov_merge_add.o)
 .reginfo       0x00000000       0x18 /usr/lib/gcc-cross/mips-linux-gnu/12/libgcov.a(_gcov.o)
 .MIPS.abiflags
                0x00000000       0x18 /usr/lib/gcc-cross/mips-linux-gnu/12/libgcov.a(_gcov.o)
 .note.GNU-stack
                0x00000000        0x0 /usr/lib/gcc-cross/mips-linux-gnu/12/libgcov.a(_gcov.o)
 .reginfo       0x00000000       0x18 /usr/lib/gcc-cross/mips-linux-gnu/12/crtend.o
 .MIPS.abiflags
                0x00000000       0x18 /usr/lib/gcc-cross/mips-linux-gnu/12/crtend.o
 .note.GNU-stack
                0x00000000        0x0 /usr/lib/gcc-cross/mips-linux-gnu/12/crtend.o
 .reginfo       0x00000000       0x18 /usr/lib/gcc-cross/mips-linux-gnu/12/../../../../mips-linux-gnu/lib/../lib/crtn.o
 .MIPS.abiflags
                0x00000000       0x18 /usr/lib/gcc-cross/mips-linux-gnu/12/../../../../mips-linux-gnu/lib/../lib/crtn.o
 .note.GNU-stack
                0x00000000        0x0 /usr/lib/gcc-cross/mips-linux-gnu/12/../../../../mips-linux-gnu/lib/../lib/crtn.o

Memory Configuration

Name             Origin             Length             Attributes
*default*        0x00000000         0xffffffff

Linker script and memory map

LOAD /usr/lib/gcc-cross/mips-linux-gnu/12/../../../../mips-linux-gnu/lib/../lib/crt1.o
LOAD /usr/lib/gcc-cross/mips-linux-gnu/12/../../../../mips-linux-gnu/lib/../lib/crti.o
LOAD /usr/lib/gcc-cross/mips-linux-gnu/12/crtbegin.o
LOAD aes.o
LOAD test.o
LOAD /usr/lib/gcc-cross/mips-linux-gnu/12/libgcov.a
LOAD /usr/lib/gcc-cross/mips-linux-gnu/12/libgcc.a
LOAD /usr/lib/gcc-cross/mips-linux-gnu/12/libgcc_s.so
START GROUP
LOAD /usr/lib/gcc-cross/mips-linux-gnu/12/../../../../mips-linux-gnu/lib/../lib/libgcc_s.so.1
LOAD /usr/lib/gcc-cross/mips-linux-gnu/12/libgcc.a
END GROUP
LOAD /usr/lib/gcc-cross/mips-linux-gnu/12/../../../../mips-linux-gnu/lib/../lib/libc.so
START GROUP
LOAD /usr/mips-linux-gnu/lib/libc.so.6
LOAD /usr/mips-linux-gnu/lib/libc_nonshared.a
LOAD /usr/mips-linux-gnu/lib/ld.so.1
END GROUP
LOAD /usr/lib/gcc-cross/mips-linux-gnu/12/libgcc.a
LOAD /usr/lib/gcc-cross/mips-linux-gnu/12/libgcc_s.so
START GROUP
LOAD /usr/lib/gcc-cross/mips-linux-gnu/12/../../../../mips-linux-gnu/lib/../lib/libgcc_s.so.1
LOAD /usr/lib/gcc-cross/mips-linux-gnu/12/libgcc.a
END GROUP
LOAD /usr/lib/gcc-cross/mips-linux-gnu/12/crtend.o
LOAD /usr/lib/gcc-cross/mips-linux-gnu/12/../../../../mips-linux-gnu/lib/../lib/crtn.o
                [!provide]                        PROVIDE (__executable_start = SEGMENT_START ("text-segment", 0x400000))
                0x00400194                        . = (SEGMENT_START ("text-segment", 0x400000) + SIZEOF_HEADERS)

.interp         0x00400194        0xd
 *(.interp)
 .interp        0x00400194        0xd /usr/lib/gcc-cross/mips-linux-gnu/12/../../../../mips-linux-gnu/lib/../lib/crt1.o

.MIPS.abiflags  0x004001a8       0x18
 *(.MIPS.abiflags)
 .MIPS.abiflags
                0x004001a8       0x18 /usr/lib/gcc-cross/mips-linux-gnu/12/../../../../mips-linux-gnu/lib/../lib/crt1.o

.reginfo        0x004001c0       0x18
 *(.reginfo)
 .reginfo       0x004001c0       0x18 /usr/lib/gcc-cross/mips-linux-gnu/12/../../../../mips-linux-gnu/lib/../lib/crt1.o

.MIPS.xhash
 *(.MIPS.xhash)

.note.gnu.build-id
                0x004001d8       0x24
 *(.note.gnu.build-id)
 .note.gnu.build-id
                0x004001d8       0x24 /usr/lib/gcc-cross/mips-linux-gnu/12/../../../../mips-linux-gnu/lib/../lib/crt1.o

.note.ABI-tag   0x004001fc       0x20
 .note.ABI-tag  0x004001fc       0x20 /usr/lib/gcc-cross/mips-linux-gnu/12/../../../../mips-linux-gnu/lib/../lib/crt1.o

.dynamic        0x0040021c      0x108
 *(.dynamic)
 .dynamic       0x0040021c      0x108 /usr/lib/gcc-cross/mips-linux-gnu/12/../../../../mips-linux-gnu/lib/../lib/crt1.o
                0x0040021c                _DYNAMIC

.hash           0x00400324      0x174
 *(.hash)
 .hash          0x00400324      0x174 /usr/lib/gcc-cross/mips-linux-gnu/12/../../../../mips-linux-gnu/lib/../lib/crt1.o

.gnu.hash
 *(.gnu.hash)

.dynsym         0x00400498      0x360
 *(.dynsym)
 .dynsym        0x00400498      0x360 /usr/lib/gcc-cross/mips-linux-gnu/12/../../../../mips-linux-gnu/lib/../lib/crt1.o

.dynstr         0x004007f8      0x2ab
 *(.dynstr)
 .dynstr        0x004007f8      0x2ab /usr/lib/gcc-cross/mips-linux-gnu/12/../../../../mips-linux-gnu/lib/../lib/crt1.o

.gnu.version    0x00400aa4       0x6c
 *(.gnu.version)
 .gnu.version   0x00400aa4       0x6c /usr/lib/gcc-cross/mips-linux-gnu/12/../../../../mips-linux-gnu/lib/../lib/crt1.o

.gnu.version_d  0x00400b10        0x0
 *(.gnu.version_d)
 .gnu.version_d
                0x00400b10        0x0 /usr/lib/gcc-cross/mips-linux-gnu/12/../../../../mips-linux-gnu/lib/../lib/crt1.o

.gnu.version_r  0x00400b10       0x90
 *(.gnu.version_r)
 .gnu.version_r
                0x00400b10       0x90 /usr/lib/gcc-cross/mips-linux-gnu/12/../../../../mips-linux-gnu/lib/../lib/crt1.o

.rel.dyn        0x00400ba0        0x0
 *(.rel.init)
 *(.rel.text .rel.text.* .rel.gnu.linkonce.t.*)
 *(.rel.fini)
 *(.rel.rodata .rel.rodata.* .rel.gnu.linkonce.r.*)
 *(.rel.data.rel.ro .rel.data.rel.ro.* .rel.gnu.linkonce.d.rel.ro.*)
 .rel.data.rel.ro
                0x00400ba0        0x0 /usr/lib/gcc-cross/mips-linux-gnu/12/../../../../mips-linux-gnu/lib/../lib/crt1.o
 *(.rel.data .rel.data.* .rel.gnu.linkonce.d.*)
 *(.rel.tdata .rel.tdata.* .rel.gnu.linkonce.td.*)
 *(.rel.tbss .rel.tbss.* .rel.gnu.linkonce.tb.*)
 *(.rel.ctors)
 *(.rel.dtors)
 *(.rel.got)
 *(.rel.dyn)
 .rel.dyn       0x00400ba0        0x0 /usr/lib/gcc-cross/mips-linux-gnu/12/../../../../mips-linux-gnu/lib/../lib/crt1.o
 *(.rel.sdata .rel.sdata.* .rel.gnu.linkonce.s.*)
 *(.rel.sbss .rel.sbss.* .rel.gnu.linkonce.sb.*)
 *(.rel.sdata2 .rel.sdata2.* .rel.gnu.linkonce.s2.*)
 *(.rel.sbss2 .rel.sbss2.* .rel.gnu.linkonce.sb2.*)
 *(.rel.bss .rel.bss.* .rel.gnu.linkonce.b.*)
 .rel.bss       0x00400ba0        0x0 /usr/lib/gcc-cross/mips-linux-gnu/12/../../../../mips-linux-gnu/lib/../lib/crt1.o
                [!provide]                        PROVIDE (__rel_iplt_start = .)
 *(.rel.iplt)
                [!provide]                        PROVIDE (__rel_iplt_end = .)

.rela.dyn       0x00400ba0        0x0
 *(.rela.init)
 *(.rela.text .rela.text.* .rela.gnu.linkonce.t.*)
 *(.rela.fini)
 *(.rela.rodata .rela.rodata.* .rela.gnu.linkonce.r.*)
 *(.rela.data .rela.data.* .rela.gnu.linkonce.d.*)
 *(.rela.tdata .rela.tdata.* .rela.gnu.linkonce.td.*)
 *(.rela.tbss .rela.tbss.* .rela.gnu.linkonce.tb.*)
 *(.rela.ctors)
 *(.rela.dtors)
 *(.rela.got)
 *(.rela.sdata .rela.sdata.* .rela.gnu.linkonce.s.*)
 *(.rela.sbss .rela.sbss.* .rela.gnu.linkonce.sb.*)
 *(.rela.sdata2 .rela.sdata2.* .rela.gnu.linkonce.s2.*)
 *(.rela.sbss2 .rela.sbss2.* .rela.gnu.linkonce.sb2.*)
 *(.rela.bss .rela.bss.* .rela.gnu.linkonce.b.*)
                [!provide]                        PROVIDE (__rela_iplt_start = .)
 *(.rela.iplt)
                [!provide]                        PROVIDE (__rela_iplt_end = .)

.rel.plt        0x00400ba0        0x0
 *(.rel.plt)
 .rel.plt       0x00400ba0        0x0 /usr/lib/gcc-cross/mips-linux-gnu/12/../../../../mips-linux-gnu/lib/../lib/crt1.o

.rela.plt
 *(.rela.plt)

.init           0x00400ba0       0x3c
 *(SORT_NONE(.init))
 .init          0x00400ba0       0x30 /usr/lib/gcc-cross/mips-linux-gnu/12/../../../../mips-linux-gnu/lib/../lib/crti.o
                0x00400ba0                _init
 .init          0x00400bd0        0xc /usr/lib/gcc-cross/mips-linux-gnu/12/../../../../mips-linux-gnu/lib/../lib/crtn.o

.text           0x00400be0     0x9c10
                0x00400be0                        _ftext = .
 *(.text.unlikely .text.*_unlikely .text.unlikely.*)
 *(.text.exit .text.exit.*)
 *(.text.startup .text.startup.*)
 *(.text.hot .text.hot.*)
 *(SORT_BY_NAME(.text.sorted.*))
 *(.text .stub .text.* .gnu.linkonce.t.*)
 .text          0x00400be0       0x60 /usr/lib/gcc-cross/mips-linux-gnu/12/../../../../mips-linux-gnu/lib/../lib/crt1.o
                0x00400be0                __start
 .text          0x00400c40        0x0 /usr/lib/gcc-cross/mips-linux-gnu/12/../../../../mips-linux-gnu/lib/../lib/crti.o
 .text          0x00400c40       0xd0 /usr/lib/gcc-cross/mips-linux-gnu/12/crtbegin.o
 .text          0x00400d10     0x54f0 aes.o
                0x00401194                AES_init_ctx
                0x0040124c                AES_init_ctx_iv
                0x00401340                AES_ctx_set_iv
                0x00405798                AES_ECB_encrypt
                0x00405850                AES_ECB_decrypt
                0x00405a08                AES_CBC_encrypt_buffer
                0x00405bd4                AES_CBC_decrypt_buffer
                0x00405e14                AES_CTR_xcrypt_buffer
 .text          0x00406200     0x1ce0 test.o
                0x00406200                main
 .text          0x00407ee0       0x90 /usr/lib/gcc-cross/mips-linux-gnu/12/libgcov.a(_gcov_merge_add.o)
                0x00407ee0                __gcov_merge_add
 .text          0x00407f70     0x2880 /usr/lib/gcc-cross/mips-linux-gnu/12/libgcov.a(_gcov.o)
                0x004082d8                __gcov_rewrite
                0x00408304                __gcov_open
                0x0040a05c                __gcov_close
                0x0040a0d8                gcov_write
                0x0040a128                __gcov_write_unsigned
                0x0040a184                __gcov_seek
                0x0040a1a8                __gcov_write_summary
                0x0040a2ac                __gcov_read_unsigned
                0x0040a2f8                __gcov_read_counter
                0x0040a350                mangle_path
                0x0040a4fc                __gcov_read_summary
                0x0040a5c4                __gcov_dump_one
                0x0040a62c                __gcov_exit
                0x0040a6e8                __gcov_init
 .text          0x0040a7f0        0x0 /usr/lib/gcc-cross/mips-linux-gnu/12/crtend.o
 .text          0x0040a7f0        0x0 /usr/lib/gcc-cross/mips-linux-gnu/12/../../../../mips-linux-gnu/lib/../lib/crtn.o
 *(.gnu.warning)
 *(.mips16.fn.*)
 *(.mips16.call.*)

.MIPS.stubs     0x0040a7f0      0x230
 .MIPS.stubs    0x0040a7f0      0x230 /usr/lib/gcc-cross/mips-linux-gnu/12/../../../../mips-linux-gnu/lib/../lib/crt1.o
                0x0040a7f0                fdopen@@GLIBC_2.2
                0x0040a7f0                _MIPS_STUBS_
                0x0040a800                __vfprintf_chk@@GLIBC_2.3.4
                0x0040a810                __libc_start_main@@GLIBC_2.34
                0x0040a820                printf@@GLIBC_2.0
                0x0040a830                free@@GLIBC_2.0
                0x0040a840                memcpy@@GLIBC_2.0
                0x0040a850                mmap64@@GLIBC_2.2
                0x0040a860                memcmp@@GLIBC_2.0
                0x0040a870                __stack_chk_fail@@GLIBC_2.4
                0x0040a880                fseek@@GLIBC_2.0
                0x0040a890                fwrite@@GLIBC_2.0
                0x0040a8a0                strcat@@GLIBC_2.0
                0x0040a8b0                fread@@GLIBC_2.0
                0x0040a8c0                getpid@@GLIBC_2.0
                0x0040a8d0                getenv@@GLIBC_2.0
                0x0040a8e0                malloc@@GLIBC_2.0
                0x0040a8f0                __fcntl_time64@@GLIBC_2.34
                0x0040a900                puts@@GLIBC_2.0
                0x0040a910                __memcpy_chk@@GLIBC_2.3.4
                0x0040a920                exit@@GLIBC_2.0
                0x0040a930                strchr@@GLIBC_2.0
                0x0040a940                __isoc23_strtol@@GLIBC_2.38
                0x0040a950                strlen@@GLIBC_2.0
                0x0040a960                open64@@GLIBC_2.2
                0x0040a970                mkdir@@GLIBC_2.0
                0x0040a980                putchar@@GLIBC_2.0
                0x0040a990                __errno_location@@GLIBC_2.0
                0x0040a9a0                access@@GLIBC_2.0
                0x0040a9b0                fclose@@GLIBC_2.2
                0x0040a9c0                fopen64@@GLIBC_2.2
                0x0040a9d0                __fprintf_chk@@GLIBC_2.3.4
                0x0040a9e0                abort@@GLIBC_2.0
                0x0040a9f0                close@@GLIBC_2.0
                0x0040aa00                __sprintf_chk@@GLIBC_2.3.4

.fini           0x0040aa20       0x24
 *(SORT_NONE(.fini))
 .fini          0x0040aa20       0x18 /usr/lib/gcc-cross/mips-linux-gnu/12/../../../../mips-linux-gnu/lib/../lib/crti.o
                0x0040aa20                _fini
 .fini          0x0040aa38        0xc /usr/lib/gcc-cross/mips-linux-gnu/12/../../../../mips-linux-gnu/lib/../lib/crtn.o
                [!provide]                        PROVIDE (__etext = .)
                [!provide]                        PROVIDE (_etext = .)
                [!provide]                        PROVIDE (etext = .)

.rodata         0x0040aa50      0x7a4
 *(.rodata .rodata.* .gnu.linkonce.r.*)
 .rodata.cst4   0x0040aa50        0x4 /usr/lib/gcc-cross/mips-linux-gnu/12/../../../../mips-linux-gnu/lib/../lib/crt1.o
                0x0040aa50                _IO_stdin_used
 *fill*         0x0040aa54        0xc 
 .rodata        0x0040aa60      0x250 aes.o
 .rodata        0x0040acb0      0x220 test.o
 .rodata.str1.4
                0x0040aed0      0x324 /usr/lib/gcc-cross/mips-linux-gnu/12/libgcov.a(_gcov.o)

.rodata1
 *(.rodata1)

.sdata2
 *(.sdata2 .sdata2.* .gnu.linkonce.s2.*)

.sbss2
 *(.sbss2 .sbss2.* .gnu.linkonce.sb2.*)

.eh_frame_hdr
 *(.eh_frame_hdr)
 *(.eh_frame_entry .eh_frame_entry.*)

.eh_frame       0x0040b1f4        0x4
 *(.eh_frame)
 .eh_frame      0x0040b1f4        0x4 /usr/lib/gcc-cross/mips-linux-gnu/12/crtend.o
 *(.eh_frame.*)

.sframe
 *(.sframe)
 *(.sframe.*)

.gcc_except_table
 *(.gcc_except_table .gcc_except_table.*)

.gnu_extab
 *(.gnu_extab*)

.exception_ranges
 *(.exception_ranges*)

.plt            0x0040b1f8        0x0
 *(.plt)
 .plt           0x0040b1f8        0x0 /usr/lib/gcc-cross/mips-linux-gnu/12/../../../../mips-linux-gnu/lib/../lib/crt1.o

.iplt
 *(.iplt)
                0x0041ffe8                        . = DATA_SEGMENT_ALIGN (CONSTANT (MAXPAGESIZE), CONSTANT (COMMONPAGESIZE))

.eh_frame
 *(.eh_frame)
 *(.eh_frame.*)

.sframe
 *(.sframe)
 *(.sframe.*)

.gnu_extab
 *(.gnu_extab)

.gcc_except_table
 *(.gcc_except_table .gcc_except_table.*)

.exception_ranges
 *(.exception_ranges*)

.tdata          0x0041ffe8        0x0
                [!provide]                        PROVIDE (__tdata_start = .)
 *(.tdata .tdata.* .gnu.linkonce.td.*)

.tbss
 *(.tbss .tbss.* .gnu.linkonce.tb.*)
 *(.tcommon)

.preinit_array  0x0041ffe8        0x0
                [!provide]                        PROVIDE (__preinit_array_start = .)
 *(.preinit_array)
                [!provide]                        PROVIDE (__preinit_array_end = .)

.init_array     0x0041ffe8        0xc
                [!provide]                        PROVIDE (__init_array_start = .)
 *(SORT_BY_INIT_PRIORITY(.init_array.*) SORT_BY_INIT_PRIORITY(.ctors.*))
 .init_array.00100
                0x0041ffe8        0x4 aes.o
 .init_array.00100
                0x0041ffec        0x4 test.o
 *(.init_array EXCLUDE_FILE(*crtend?.o *crtend.o *crtbegin?.o *crtbegin.o) .ctors)
 .init_array    0x0041fff0        0x4 /usr/lib/gcc-cross/mips-linux-gnu/12/crtbegin.o
                [!provide]                        PROVIDE (__init_array_end = .)

.fini_array     0x0041fff4        0xc
                [!provide]                        PROVIDE (__fini_array_start = .)
 *(SORT_BY_INIT_PRIORITY(.fini_array.*) SORT_BY_INIT_PRIORITY(.dtors.*))
 .fini_array.00100
                0x0041fff4        0x4 aes.o
 .fini_array.00100
                0x0041fff8        0x4 test.o
 *(.fini_array EXCLUDE_FILE(*crtend?.o *crtend.o *crtbegin?.o *crtbegin.o) .dtors)
 .fini_array    0x0041fffc        0x4 /usr/lib/gcc-cross/mips-linux-gnu/12/crtbegin.o
                [!provide]                        PROVIDE (__fini_array_end = .)

.ctors
 *crtbegin.o(.ctors)
 *crtbegin?.o(.ctors)
 *(EXCLUDE_FILE(*crtend?.o *crtend.o) .ctors)
 *(SORT_BY_NAME(.ctors.*))
 *(.ctors)

.dtors
 *crtbegin.o(.dtors)
 *crtbegin?.o(.dtors)
 *(EXCLUDE_FILE(*crtend?.o *crtend.o) .dtors)
 *(SORT_BY_NAME(.dtors.*))
 *(.dtors)

.jcr
 *(.jcr)

.data.rel.ro    0x00420000        0x0
 *(.data.rel.ro.local* .gnu.linkonce.d.rel.ro.local.*)
 *(.data.rel.ro .data.rel.ro.* .gnu.linkonce.d.rel.ro.*)
 .data.rel.ro   0x00420000        0x0 /usr/lib/gcc-cross/mips-linux-gnu/12/../../../../mips-linux-gnu/lib/../lib/crt1.o
                0x00420000                        . = DATA_SEGMENT_RELRO_END (., 0x0)

.got.plt        0x00420000        0x0
 *(.got.plt)
 .got.plt       0x00420000        0x0 /usr/lib/gcc-cross/mips-linux-gnu/12/../../../../mips-linux-gnu/lib/../lib/crt1.o

.data           0x00420000      0x3f0
                0x00420000                        _fdata = .
 *(.data .data.* .gnu.linkonce.d.*)
 .data          0x00420000       0x10 /usr/lib/gcc-cross/mips-linux-gnu/12/../../../../mips-linux-gnu/lib/../lib/crt1.o
                0x00420000                data_start
                0x00420000                __data_start
 .data          0x00420010        0x0 /usr/lib/gcc-cross/mips-linux-gnu/12/../../../../mips-linux-gnu/lib/../lib/crti.o
 .data          0x00420010        0x0 /usr/lib/gcc-cross/mips-linux-gnu/12/crtbegin.o
 .data          0x00420010        0x0 aes.o
 .data.rel.local
                0x00420010      0x230 aes.o
 .data.rel      0x00420240       0x3c aes.o
 *fill*         0x0042027c        0x4 
 .data          0x00420280        0x0 test.o
 .data.rel.local
                0x00420280      0x118 test.o
 .data.rel      0x00420398       0x3c test.o
 *fill*         0x004203d4        0xc 
 .data          0x004203e0        0x0 /usr/lib/gcc-cross/mips-linux-gnu/12/libgcov.a(_gcov_merge_add.o)
 .data          0x004203e0       0x10 /usr/lib/gcc-cross/mips-linux-gnu/12/libgcov.a(_gcov.o)
                0x004203e0                __gcov_master
 .data          0x004203f0        0x0 /usr/lib/gcc-cross/mips-linux-gnu/12/crtend.o
 .data          0x004203f0        0x0 /usr/lib/gcc-cross/mips-linux-gnu/12/../../../../mips-linux-gnu/lib/../lib/crtn.o

.rld_map        0x004203f0        0x4
 .rld_map       0x004203f0        0x4 /usr/lib/gcc-cross/mips-linux-gnu/12/../../../../mips-linux-gnu/lib/../lib/crt1.o
                0x004203f0                __RLD_MAP

.tm_clone_table
                0x004203f4        0x0
 .tm_clone_table
                0x004203f4        0x0 /usr/lib/gcc-cross/mips-linux-gnu/12/crtbegin.o
 .tm_clone_table
                0x004203f4        0x0 /usr/lib/gcc-cross/mips-linux-gnu/12/crtend.o

.data1
 *(.data1)
                0x004203f4                        . = .
                0x004283f0                        _gp = (ALIGN (0x10) + 0x7ff0)

.got            0x00420400       0xf8
 *(.got)
 .got           0x00420400       0xf8 /usr/lib/gcc-cross/mips-linux-gnu/12/../../../../mips-linux-gnu/lib/../lib/crt1.o
                0x00420400                _GLOBAL_OFFSET_TABLE_

.sdata          0x004204f8        0x4
 *(.sdata .sdata.* .gnu.linkonce.s.*)
 .sdata         0x004204f8        0x4 /usr/lib/gcc-cross/mips-linux-gnu/12/crtbegin.o
                0x004204f8                __dso_handle

.lit8
 *(.lit8)

.lit4
 *(.lit4)
                0x004204fc                        _edata = .
                [!provide]                        PROVIDE (edata = .)
                0x004204fc                        . = ALIGN (ALIGNOF (NEXT_SECTION))
                0x00420500                        __bss_start = .
                0x00420500                        _fbss = .

.sbss
 *(.dynsbss)
 *(.sbss .sbss.* .gnu.linkonce.sb.*)
 *(.scommon)

.bss            0x00420500      0x940
 *(.dynbss)
 .dynbss        0x00420500        0x0 /usr/lib/gcc-cross/mips-linux-gnu/12/../../../../mips-linux-gnu/lib/../lib/crt1.o
 *(.bss .bss.* .gnu.linkonce.b.*)
 .bss           0x00420500        0x0 /usr/lib/gcc-cross/mips-linux-gnu/12/../../../../mips-linux-gnu/lib/../lib/crt1.o
 .bss           0x00420500        0x0 /usr/lib/gcc-cross/mips-linux-gnu/12/../../../../mips-linux-gnu/lib/../lib/crti.o
 .bss           0x00420500       0x10 /usr/lib/gcc-cross/mips-linux-gnu/12/crtbegin.o
 .bss           0x00420510      0x700 aes.o
 .bss           0x00420c10      0x1f0 test.o
 .bss           0x00420e00        0x0 /usr/lib/gcc-cross/mips-linux-gnu/12/libgcov.a(_gcov_merge_add.o)
 .bss           0x00420e00       0x40 /usr/lib/gcc-cross/mips-linux-gnu/12/libgcov.a(_gcov.o)
                0x00420e00                __gcov_kvp_dynamic_pool_size
                0x00420e04                __gcov_kvp_dynamic_pool_index
                0x00420e08                __gcov_kvp_dynamic_pool
                0x00420e0c                __gcov_root
                0x00420e1c                __gcov_error_file
                0x00420e20                __gcov_var
 .bss           0x00420e40        0x0 /usr/lib/gcc-cross/mips-linux-gnu/12/crtend.o
 .bss           0x00420e40        0x0 /usr/lib/gcc-cross/mips-linux-gnu/12/../../../../mips-linux-gnu/lib/../lib/crtn.o
 *(COMMON)
                0x00420e40                        . = ALIGN ((. != 0x0)?0x4:0x1)
                0x00420e40                        . = ALIGN (0x4)
                0x00420e40                        . = SEGMENT_START ("ldata-segment", .)
                0x00420e40                        . = ALIGN (0x4)
                0x00420e40                        _end = .
                [!provide]                        PROVIDE (end = .)
                0x00420e40                        . = DATA_SEGMENT_END (.)

.stab
 *(.stab)

.stabstr
 *(.stabstr)

.stab.excl
 *(.stab.excl)

.stab.exclstr
 *(.stab.exclstr)

.stab.index
 *(.stab.index)

.stab.indexstr
 *(.stab.indexstr)

.comment        0x00000000       0x26
 *(.comment)
 .comment       0x00000000       0x26 /usr/lib/gcc-cross/mips-linux-gnu/12/crtbegin.o
                                 0x27 (size before relaxing)
 .comment       0x00000026       0x27 aes.o
 .comment       0x00000026       0x27 test.o
 .comment       0x00000026       0x27 /usr/lib/gcc-cross/mips-linux-gnu/12/crtend.o

.pdr            0x00000000      0x6c0
 .pdr           0x00000000        0x0 /usr/lib/gcc-cross/mips-linux-gnu/12/../../../../mips-linux-gnu/lib/../lib/crt1.o
 .pdr           0x00000000        0x0 /usr/lib/gcc-cross/mips-linux-gnu/12/../../../../mips-linux-gnu/lib/../lib/crti.o
 .pdr           0x00000000        0x0 /usr/lib/gcc-cross/mips-linux-gnu/12/crtbegin.o
 .pdr           0x00000000      0x2c0 aes.o
 .pdr           0x000002c0      0x180 test.o
 .pdr           0x00000440       0x20 /usr/lib/gcc-cross/mips-linux-gnu/12/libgcov.a(_gcov_merge_add.o)
 .pdr           0x00000460      0x260 /usr/lib/gcc-cross/mips-linux-gnu/12/libgcov.a(_gcov.o)
 .pdr           0x000006c0        0x0 /usr/lib/gcc-cross/mips-linux-gnu/12/crtend.o
 .pdr           0x000006c0        0x0 /usr/lib/gcc-cross/mips-linux-gnu/12/../../../../mips-linux-gnu/lib/../lib/crtn.o

.gnu.build.attributes
 *(.gnu.build.attributes .gnu.build.attributes.*)

.debug
 *(.debug)

.line
 *(.line)

.debug_srcinfo
 *(.debug_srcinfo)

.debug_sfnames
 *(.debug_sfnames)

.debug_aranges  0x00000000       0x40
 *(.debug_aranges)
 .debug_aranges
                0x00000000       0x20 aes.o
 .debug_aranges
                0x00000020       0x20 test.o

.debug_pubnames
 *(.debug_pubnames)

.debug_info     0x00000000      0xc0d
 *(.debug_info .gnu.linkonce.wi.*)
 .debug_info    0x00000000      0x74e aes.o
 .debug_info    0x0000074e      0x4bf test.o

.debug_abbrev   0x00000000      0x3df
 *(.debug_abbrev)
 .debug_abbrev  0x00000000      0x219 aes.o
 .debug_abbrev  0x00000219      0x1c6 test.o

.debug_line     0x00000000      0xd37
 *(.debug_line .debug_line.* .debug_line_end)
 .debug_line    0x00000000      0x9ea aes.o
 .debug_line    0x000009ea      0x34d test.o

.debug_frame    0x00000000      0x52c
 *(.debug_frame)
 .debug_frame   0x00000000      0x34c aes.o
 .debug_frame   0x0000034c      0x1e0 test.o

.debug_str      0x00000000      0x349
 *(.debug_str)
 .debug_str     0x00000000      0x349 aes.o
                                0x2ff (size before relaxing)
 .debug_str     0x00000349      0x2da test.o

.debug_loc
 *(.debug_loc)

.debug_macinfo
 *(.debug_macinfo)

.debug_weaknames
 *(.debug_weaknames)

.debug_funcnames
 *(.debug_funcnames)

.debug_typenames
 *(.debug_typenames)

.debug_varnames
 *(.debug_varnames)

.debug_pubtypes
 *(.debug_pubtypes)

.debug_ranges
 *(.debug_ranges)

.debug_addr
 *(.debug_addr)

.debug_line_str
 *(.debug_line_str)

.debug_loclists
 *(.debug_loclists)

.debug_macro
 *(.debug_macro)

.debug_names
 *(.debug_names)

.debug_rnglists
 *(.debug_rnglists)

.debug_str_offsets
 *(.debug_str_offsets)

.debug_sup
 *(.debug_sup)

.gnu.attributes
                0x00000000       0x10
 *(.gnu.attributes)
 .gnu.attributes
                0x00000000       0x10 /usr/lib/gcc-cross/mips-linux-gnu/12/../../../../mips-linux-gnu/lib/../lib/crt1.o
 .gnu.attributes
                0x00000010       0x10 /usr/lib/gcc-cross/mips-linux-gnu/12/../../../../mips-linux-gnu/lib/../lib/crti.o
 .gnu.attributes
                0x00000020       0x10 /usr/lib/gcc-cross/mips-linux-gnu/12/crtbegin.o
 .gnu.attributes
                0x00000030       0x10 aes.o
 .gnu.attributes
                0x00000040       0x10 test.o
 .gnu.attributes
                0x00000050       0x10 /usr/lib/gcc-cross/mips-linux-gnu/12/libgcov.a(_gcov_merge_add.o)
 .gnu.attributes
                0x00000060       0x10 /usr/lib/gcc-cross/mips-linux-gnu/12/libgcov.a(_gcov.o)
 .gnu.attributes
                0x00000070       0x10 /usr/lib/gcc-cross/mips-linux-gnu/12/crtend.o
 .gnu.attributes
                0x00000080       0x10 /usr/lib/gcc-cross/mips-linux-gnu/12/../../../../mips-linux-gnu/lib/../lib/crtn.o

.gptab.sdata
 *(.gptab.data)
 *(.gptab.sdata)

.gptab.sbss
 *(.gptab.bss)
 *(.gptab.sbss)

.mdebug.abi32   0x00000000        0x0
 *(.mdebug.abi32)
 .mdebug.abi32  0x00000000        0x0 /usr/lib/gcc-cross/mips-linux-gnu/12/../../../../mips-linux-gnu/lib/../lib/crt1.o
 .mdebug.abi32  0x00000000        0x0 /usr/lib/gcc-cross/mips-linux-gnu/12/crtbegin.o
 .mdebug.abi32  0x00000000        0x0 aes.o
 .mdebug.abi32  0x00000000        0x0 test.o
 .mdebug.abi32  0x00000000        0x0 /usr/lib/gcc-cross/mips-linux-gnu/12/libgcov.a(_gcov_merge_add.o)
 .mdebug.abi32  0x00000000        0x0 /usr/lib/gcc-cross/mips-linux-gnu/12/libgcov.a(_gcov.o)
 .mdebug.abi32  0x00000000        0x0 /usr/lib/gcc-cross/mips-linux-gnu/12/crtend.o

.mdebug.abiN32
 *(.mdebug.abiN32)

.mdebug.abi64
 *(.mdebug.abi64)

.mdebug.abiO64
 *(.mdebug.abiO64)

.mdebug.eabi32
 *(.mdebug.eabi32)

.mdebug.eabi64
 *(.mdebug.eabi64)

.gcc_compiled_long32
 *(.gcc_compiled_long32)

.gcc_compiled_long64
 *(.gcc_compiled_long64)

/DISCARD/
 *(.note.GNU-stack)
 *(.gnu_debuglink)
 *(.gnu.lto_*)
OUTPUT(test.elf elf32-tradbigmips)
