Archive member included to satisfy reference by file (symbol)

/usr/lib/gcc-cross/mips-linux-gnu/12/libgcov.a(_gcov_merge_add.o)
                              aes.o (__gcov_merge_add)
/usr/lib/gcc-cross/mips-linux-gnu/12/libgcov.a(_gcov.o)
                              /usr/lib/gcc-cross/mips-linux-gnu/12/libgcov.a(_gcov_merge_add.o) (__gcov_read_counter)

As-needed library included to satisfy reference by file (symbol)

libc.so.6                     /usr/lib/gcc-cross/mips-linux-gnu/12/libgcov.a(_gcov.o) (exit@@GLIBC_2.0)
ld.so.1                       aes.o (__stack_chk_guard@@GLIBC_2.4)

Discarded input sections

 .note.GNU-stack
                0x00000000        0x0 /usr/lib/gcc-cross/mips-linux-gnu/12/../../../../mips-linux-gnu/lib/../lib/crt1.o
 .reginfo       0x00000000       0x18 /usr/lib/gcc-cross/mips-linux-gnu/12/../../../../mips-linux-gnu/lib/../lib/crti.o
 .MIPS.abiflags
                0x00000000       0x18 /usr/lib/gcc-cross/mips-linux-gnu/12/../../../../mips-linux-gnu/lib/../lib/crti.o
 .note.GNU-stack
                0x00000000        0x0 /usr/lib/gcc-cross/mips-linux-gnu/12/../../../../mips-linux-gnu/lib/../lib/crti.o
 .reginfo       0x00000000       0x18 /usr/lib/gcc-cross/mips-linux-gnu/12/crtbegin.o
 .MIPS.abiflags
                0x00000000       0x18 /usr/lib/gcc-cross/mips-linux-gnu/12/crtbegin.o
 .note.GNU-stack
                0x00000000        0x0 /usr/lib/gcc-cross/mips-linux-gnu/12/crtbegin.o
 .reginfo       0x00000000       0x18 aes.o
 .MIPS.abiflags
                0x00000000       0x18 aes.o
 .note.GNU-stack
                0x00000000        0x0 aes.o
 .reginfo       0x00000000       0x18 test.o
 .MIPS.abiflags
                0x00000000       0x18 test.o
 .note.GNU-stack
                0x00000000        0x0 test.o
 .reginfo       0x00000000       0x18 /usr/lib/gcc-cross/mips-linux-gnu/12/libgcov.a(_gcov_merge_add.o)
 .MIPS.abiflags
                0x00000000       0x18 /usr/lib/gcc-cross/mips-linux-gnu/12/libgcov.a(_gcov_merge_add.o)
 .note.GNU-stack
                0x00000000        0x0 /usr/lib/gcc-cross/mips-linux-gnu/12/libgcov.a(_gcov_merge_add.o)
 .reginfo       0x00000000       0x18 /usr/lib/gcc-cross/mips-linux-gnu/12/libgcov.a(_gcov.o)
 .MIPS.abiflags
                0x00000000       0x18 /usr/lib/gcc-cross/mips-linux-gnu/12/libgcov.a(_gcov.o)
 .note.GNU-stack
                0x00000000        0x0 /usr/lib/gcc-cross/mips-linux-gnu/12/libgcov.a(_gcov.o)
 .reginfo       0x00000000       0x18 /usr/lib/gcc-cross/mips-linux-gnu/12/crtend.o
 .MIPS.abiflags
                0x00000000       0x18 /usr/lib/gcc-cross/mips-linux-gnu/12/crtend.o
 .note.GNU-stack
                0x00000000        0x0 /usr/lib/gcc-cross/mips-linux-gnu/12/crtend.o
 .reginfo       0x00000000       0x18 /usr/lib/gcc-cross/mips-linux-gnu/12/../../../../mips-linux-gnu/lib/../lib/crtn.o
 .MIPS.abiflags
                0x00000000       0x18 /usr/lib/gcc-cross/mips-linux-gnu/12/../../../../mips-linux-gnu/lib/../lib/crtn.o
 .note.GNU-stack
                0x00000000        0x0 /usr/lib/gcc-cross/mips-linux-gnu/12/../../../../mips-linux-gnu/lib/../lib/crtn.o

Memory Configuration

Name             Origin             Length             Attributes
*default*        0x00000000         0xffffffff

Linker script and memory map

LOAD /usr/lib/gcc-cross/mips-linux-gnu/12/../../../../mips-linux-gnu/lib/../lib/crt1.o
LOAD /usr/lib/gcc-cross/mips-linux-gnu/12/../../../../mips-linux-gnu/lib/../lib/crti.o
LOAD /usr/lib/gcc-cross/mips-linux-gnu/12/crtbegin.o
LOAD aes.o
LOAD test.o
LOAD /usr/lib/gcc-cross/mips-linux-gnu/12/libgcov.a
LOAD /usr/lib/gcc-cross/mips-linux-gnu/12/libgcc.a
LOAD /usr/lib/gcc-cross/mips-linux-gnu/12/libgcc_s.so
START GROUP
LOAD /usr/lib/gcc-cross/mips-linux-gnu/12/../../../../mips-linux-gnu/lib/../lib/libgcc_s.so.1
LOAD /usr/lib/gcc-cross/mips-linux-gnu/12/libgcc.a
END GROUP
LOAD /usr/lib/gcc-cross/mips-linux-gnu/12/../../../../mips-linux-gnu/lib/../lib/libc.so
START GROUP
LOAD /usr/mips-linux-gnu/lib/libc.so.6
LOAD /usr/mips-linux-gnu/lib/libc_nonshared.a
LOAD /usr/mips-linux-gnu/lib/ld.so.1
END GROUP
LOAD /usr/lib/gcc-cross/mips-linux-gnu/12/libgcc.a
LOAD /usr/lib/gcc-cross/mips-linux-gnu/12/libgcc_s.so
START GROUP
LOAD /usr/lib/gcc-cross/mips-linux-gnu/12/../../../../mips-linux-gnu/lib/../lib/libgcc_s.so.1
LOAD /usr/lib/gcc-cross/mips-linux-gnu/12/libgcc.a
END GROUP
LOAD /usr/lib/gcc-cross/mips-linux-gnu/12/crtend.o
LOAD /usr/lib/gcc-cross/mips-linux-gnu/12/../../../../mips-linux-gnu/lib/../lib/crtn.o
                [!provide]                        PROVIDE (__executable_start = SEGMENT_START ("text-segment", 0x400000))
                0x00400194                        . = (SEGMENT_START ("text-segment", 0x400000) + SIZEOF_HEADERS)

.interp         0x00400194        0xd
 *(.interp)
 .interp        0x00400194        0xd /usr/lib/gcc-cross/mips-linux-gnu/12/../../../../mips-linux-gnu/lib/../lib/crt1.o

.MIPS.abiflags  0x004001a8       0x18
 *(.MIPS.abiflags)
 .MIPS.abiflags
                0x004001a8       0x18 /usr/lib/gcc-cross/mips-linux-gnu/12/../../../../mips-linux-gnu/lib/../lib/crt1.o

.reginfo        0x004001c0       0x18
 *(.reginfo)
 .reginfo       0x004001c0       0x18 /usr/lib/gcc-cross/mips-linux-gnu/12/../../../../mips-linux-gnu/lib/../lib/crt1.o

.MIPS.xhash
 *(.MIPS.xhash)

.note.gnu.build-id
                0x004001d8       0x24
 *(.note.gnu.build-id)
 .note.gnu.build-id
                0x004001d8       0x24 /usr/lib/gcc-cross/mips-linux-gnu/12/../../../../mips-linux-gnu/lib/../lib/crt1.o

.note.ABI-tag   0x004001fc       0x20
 .note.ABI-tag  0x004001fc       0x20 /usr/lib/gcc-cross/mips-linux-gnu/12/../../../../mips-linux-gnu/lib/../lib/crt1.o

.dynamic        0x0040021c      0x108
 *(.dynamic)
 .dynamic       0x0040021c      0x108 /usr/lib/gcc-cross/mips-linux-gnu/12/../../../../mips-linux-gnu/lib/../lib/crt1.o
                0x0040021c                _DYNAMIC

.hash           0x00400324      0x15c
 *(.hash)
 .hash          0x00400324      0x15c /usr/lib/gcc-cross/mips-linux-gnu/12/../../../../mips-linux-gnu/lib/../lib/crt1.o

.gnu.hash
 *(.gnu.hash)

.dynsym         0x00400480      0x300
 *(.dynsym)
 .dynsym        0x00400480      0x300 /usr/lib/gcc-cross/mips-linux-gnu/12/../../../../mips-linux-gnu/lib/../lib/crt1.o

.dynstr         0x00400780      0x24f
 *(.dynstr)
 .dynstr        0x00400780      0x24f /usr/lib/gcc-cross/mips-linux-gnu/12/../../../../mips-linux-gnu/lib/../lib/crt1.o

.gnu.version    0x004009d0       0x60
 *(.gnu.version)
 .gnu.version   0x004009d0       0x60 /usr/lib/gcc-cross/mips-linux-gnu/12/../../../../mips-linux-gnu/lib/../lib/crt1.o

.gnu.version_d  0x00400a30        0x0
 *(.gnu.version_d)
 .gnu.version_d
                0x00400a30        0x0 /usr/lib/gcc-cross/mips-linux-gnu/12/../../../../mips-linux-gnu/lib/../lib/crt1.o

.gnu.version_r  0x00400a30       0x90
 *(.gnu.version_r)
 .gnu.version_r
                0x00400a30       0x90 /usr/lib/gcc-cross/mips-linux-gnu/12/../../../../mips-linux-gnu/lib/../lib/crt1.o

.rel.dyn        0x00400ac0        0x0
 *(.rel.init)
 *(.rel.text .rel.text.* .rel.gnu.linkonce.t.*)
 *(.rel.fini)
 *(.rel.rodata .rel.rodata.* .rel.gnu.linkonce.r.*)
 *(.rel.data.rel.ro .rel.data.rel.ro.* .rel.gnu.linkonce.d.rel.ro.*)
 .rel.data.rel.ro
                0x00400ac0        0x0 /usr/lib/gcc-cross/mips-linux-gnu/12/../../../../mips-linux-gnu/lib/../lib/crt1.o
 *(.rel.data .rel.data.* .rel.gnu.linkonce.d.*)
 *(.rel.tdata .rel.tdata.* .rel.gnu.linkonce.td.*)
 *(.rel.tbss .rel.tbss.* .rel.gnu.linkonce.tb.*)
 *(.rel.ctors)
 *(.rel.dtors)
 *(.rel.got)
 *(.rel.dyn)
 .rel.dyn       0x00400ac0        0x0 /usr/lib/gcc-cross/mips-linux-gnu/12/../../../../mips-linux-gnu/lib/../lib/crt1.o
 *(.rel.sdata .rel.sdata.* .rel.gnu.linkonce.s.*)
 *(.rel.sbss .rel.sbss.* .rel.gnu.linkonce.sb.*)
 *(.rel.sdata2 .rel.sdata2.* .rel.gnu.linkonce.s2.*)
 *(.rel.sbss2 .rel.sbss2.* .rel.gnu.linkonce.sb2.*)
 *(.rel.bss .rel.bss.* .rel.gnu.linkonce.b.*)
 .rel.bss       0x00400ac0        0x0 /usr/lib/gcc-cross/mips-linux-gnu/12/../../../../mips-linux-gnu/lib/../lib/crt1.o
                [!provide]                        PROVIDE (__rel_iplt_start = .)
 *(.rel.iplt)
                [!provide]                        PROVIDE (__rel_iplt_end = .)

.rela.dyn       0x00400ac0        0x0
 *(.rela.init)
 *(.rela.text .rela.text.* .rela.gnu.linkonce.t.*)
 *(.rela.fini)
 *(.rela.rodata .rela.rodata.* .rela.gnu.linkonce.r.*)
 *(.rela.data .rela.data.* .rela.gnu.linkonce.d.*)
 *(.rela.tdata .rela.tdata.* .rela.gnu.linkonce.td.*)
 *(.rela.tbss .rela.tbss.* .rela.gnu.linkonce.tb.*)
 *(.rela.ctors)
 *(.rela.dtors)
 *(.rela.got)
 *(.rela.sdata .rela.sdata.* .rela.gnu.linkonce.s.*)
 *(.rela.sbss .rela.sbss.* .rela.gnu.linkonce.sb.*)
 *(.rela.sdata2 .rela.sdata2.* .rela.gnu.linkonce.s2.*)
 *(.rela.sbss2 .rela.sbss2.* .rela.gnu.linkonce.sb2.*)
 *(.rela.bss .rela.bss.* .rela.gnu.linkonce.b.*)
                [!provide]                        PROVIDE (__rela_iplt_start = .)
 *(.rela.iplt)
                [!provide]                        PROVIDE (__rela_iplt_end = .)

.rel.plt        0x00400ac0        0x0
 *(.rel.plt)
 .rel.plt       0x00400ac0        0x0 /usr/lib/gcc-cross/mips-linux-gnu/12/../../../../mips-linux-gnu/lib/../lib/crt1.o

.rela.plt
 *(.rela.plt)

.init           0x00400ac0       0x3c
 *(SORT_NONE(.init))
 .init          0x00400ac0       0x30 /usr/lib/gcc-cross/mips-linux-gnu/12/../../../../mips-linux-gnu/lib/../lib/crti.o
                0x00400ac0                _init
 .init          0x00400af0        0xc /usr/lib/gcc-cross/mips-linux-gnu/12/../../../../mips-linux-gnu/lib/../lib/crtn.o

.text           0x00400b00     0x3e50
                0x00400b00                        _ftext = .
 *(.text.unlikely .text.*_unlikely .text.unlikely.*)
 *(.text.exit .text.exit.*)
 .text.exit     0x00400b00       0x14 aes.o
 .text.exit     0x00400b14       0x14 test.o
 *(.text.startup .text.startup.*)
 .text.startup  0x00400b28       0x18 aes.o
 .text.startup  0x00400b40       0xb0 test.o
                0x00400b40                main
 *(.text.hot .text.hot.*)
 *(SORT_BY_NAME(.text.sorted.*))
 *(.text .stub .text.* .gnu.linkonce.t.*)
 .text          0x00400bf0       0x60 /usr/lib/gcc-cross/mips-linux-gnu/12/../../../../mips-linux-gnu/lib/../lib/crt1.o
                0x00400bf0                __start
 .text          0x00400c50        0x0 /usr/lib/gcc-cross/mips-linux-gnu/12/../../../../mips-linux-gnu/lib/../lib/crti.o
 .text          0x00400c50       0xd0 /usr/lib/gcc-cross/mips-linux-gnu/12/crtbegin.o
 .text          0x00400d20     0x10c0 aes.o
                0x00401764                AES_init_ctx
                0x004017c4                AES_init_ctx_iv
                0x0040185c                AES_ctx_set_iv
                0x00401894                AES_ECB_encrypt
                0x00401900                AES_ECB_decrypt
                0x0040196c                AES_CBC_encrypt_buffer
                0x00401a90                AES_CBC_decrypt_buffer
                0x00401c08                AES_CTR_xcrypt_buffer
 .text          0x00401de0      0x260 test.o
 .text          0x00402040       0x90 /usr/lib/gcc-cross/mips-linux-gnu/12/libgcov.a(_gcov_merge_add.o)
                0x00402040                __gcov_merge_add
 .text          0x004020d0     0x2880 /usr/lib/gcc-cross/mips-linux-gnu/12/libgcov.a(_gcov.o)
                0x00402438                __gcov_rewrite
                0x00402464                __gcov_open
                0x004041bc                __gcov_close
                0x00404238                gcov_write
                0x00404288                __gcov_write_unsigned
                0x004042e4                __gcov_seek
                0x00404308                __gcov_write_summary
                0x0040440c                __gcov_read_unsigned
                0x00404458                __gcov_read_counter
                0x004044b0                mangle_path
                0x0040465c                __gcov_read_summary
                0x00404724                __gcov_dump_one
                0x0040478c                __gcov_exit
                0x00404848                __gcov_init
 .text          0x00404950        0x0 /usr/lib/gcc-cross/mips-linux-gnu/12/crtend.o
 .text          0x00404950        0x0 /usr/lib/gcc-cross/mips-linux-gnu/12/../../../../mips-linux-gnu/lib/../lib/crtn.o
 *(.gnu.warning)
 *(.mips16.fn.*)
 *(.mips16.call.*)

.MIPS.stubs     0x00404950      0x220
 .MIPS.stubs    0x00404950      0x220 /usr/lib/gcc-cross/mips-linux-gnu/12/../../../../mips-linux-gnu/lib/../lib/crt1.o
                0x00404950                fdopen@@GLIBC_2.2
                0x00404950                _MIPS_STUBS_
                0x00404960                __vfprintf_chk@@GLIBC_2.3.4
                0x00404970                __libc_start_main@@GLIBC_2.34
                0x00404980                free@@GLIBC_2.0
                0x00404990                memcpy@@GLIBC_2.0
                0x004049a0                mmap64@@GLIBC_2.2
                0x004049b0                memcmp@@GLIBC_2.0
                0x004049c0                __stack_chk_fail@@GLIBC_2.4
                0x004049d0                fseek@@GLIBC_2.0
                0x004049e0                fwrite@@GLIBC_2.0
                0x004049f0                strcat@@GLIBC_2.0
                0x00404a00                fread@@GLIBC_2.0
                0x00404a10                getpid@@GLIBC_2.0
                0x00404a20                getenv@@GLIBC_2.0
                0x00404a30                malloc@@GLIBC_2.0
                0x00404a40                __fcntl_time64@@GLIBC_2.34
                0x00404a50                puts@@GLIBC_2.0
                0x00404a60                __memcpy_chk@@GLIBC_2.3.4
                0x00404a70                exit@@GLIBC_2.0
                0x00404a80                strchr@@GLIBC_2.0
                0x00404a90                __isoc23_strtol@@GLIBC_2.38
                0x00404aa0                strlen@@GLIBC_2.0
                0x00404ab0                open64@@GLIBC_2.2
                0x00404ac0                mkdir@@GLIBC_2.0
                0x00404ad0                __errno_location@@GLIBC_2.0
                0x00404ae0                access@@GLIBC_2.0
                0x00404af0                __printf_chk@@GLIBC_2.3.4
                0x00404b00                fclose@@GLIBC_2.2
                0x00404b10                fopen64@@GLIBC_2.2
                0x00404b20                __fprintf_chk@@GLIBC_2.3.4
                0x00404b30                abort@@GLIBC_2.0
                0x00404b40                close@@GLIBC_2.0
                0x00404b50                __sprintf_chk@@GLIBC_2.3.4

.fini           0x00404b70       0x24
 *(SORT_NONE(.fini))
 .fini          0x00404b70       0x18 /usr/lib/gcc-cross/mips-linux-gnu/12/../../../../mips-linux-gnu/lib/../lib/crti.o
                0x00404b70                _fini
 .fini          0x00404b88        0xc /usr/lib/gcc-cross/mips-linux-gnu/12/../../../../mips-linux-gnu/lib/../lib/crtn.o
                [!provide]                        PROVIDE (__etext = .)
                [!provide]                        PROVIDE (_etext = .)
                [!provide]                        PROVIDE (etext = .)

.rodata         0x00404ba0      0x6b0
 *(.rodata .rodata.* .gnu.linkonce.r.*)
 .rodata.cst4   0x00404ba0        0x4 /usr/lib/gcc-cross/mips-linux-gnu/12/../../../../mips-linux-gnu/lib/../lib/crt1.o
                0x00404ba0                _IO_stdin_used
 .rodata.str1.4
                0x00404ba4      0x484 aes.o
                                 0x44 (size before relaxing)
 *fill*         0x00405028        0x8 
 .rodata        0x00405030      0x210 aes.o
 .rodata.str1.4
                0x00405240      0x11c test.o
 .rodata        0x00405240       0x10 test.o
 .rodata.str1.4
                0x00405250      0x324 /usr/lib/gcc-cross/mips-linux-gnu/12/libgcov.a(_gcov.o)

.rodata1
 *(.rodata1)

.sdata2
 *(.sdata2 .sdata2.* .gnu.linkonce.s2.*)

.sbss2
 *(.sbss2 .sbss2.* .gnu.linkonce.sb2.*)

.eh_frame_hdr
 *(.eh_frame_hdr)
 *(.eh_frame_entry .eh_frame_entry.*)

.eh_frame       0x00405250        0x4
 *(.eh_frame)
 .eh_frame      0x00405250        0x4 /usr/lib/gcc-cross/mips-linux-gnu/12/crtend.o
 *(.eh_frame.*)

.sframe
 *(.sframe)
 *(.sframe.*)

.gcc_except_table
 *(.gcc_except_table .gcc_except_table.*)

.gnu_extab
 *(.gnu_extab*)

.exception_ranges
 *(.exception_ranges*)

.plt            0x00405254        0x0
 *(.plt)
 .plt           0x00405254        0x0 /usr/lib/gcc-cross/mips-linux-gnu/12/../../../../mips-linux-gnu/lib/../lib/crt1.o

.iplt
 *(.iplt)
                0x0041ffe8                        . = DATA_SEGMENT_ALIGN (CONSTANT (MAXPAGESIZE), CONSTANT (COMMONPAGESIZE))

.eh_frame
 *(.eh_frame)
 *(.eh_frame.*)

.sframe
 *(.sframe)
 *(.sframe.*)

.gnu_extab
 *(.gnu_extab)

.gcc_except_table
 *(.gcc_except_table .gcc_except_table.*)

.exception_ranges
 *(.exception_ranges*)

.tdata          0x0041ffe8        0x0
                [!provide]                        PROVIDE (__tdata_start = .)
 *(.tdata .tdata.* .gnu.linkonce.td.*)

.tbss
 *(.tbss .tbss.* .gnu.linkonce.tb.*)
 *(.tcommon)

.preinit_array  0x0041ffe8        0x0
                [!provide]                        PROVIDE (__preinit_array_start = .)
 *(.preinit_array)
                [!provide]                        PROVIDE (__preinit_array_end = .)

.init_array     0x0041ffe8        0xc
                [!provide]                        PROVIDE (__init_array_start = .)
 *(SORT_BY_INIT_PRIORITY(.init_array.*) SORT_BY_INIT_PRIORITY(.ctors.*))
 .init_array.00100
                0x0041ffe8        0x4 aes.o
 .init_array.00100
                0x0041ffec        0x4 test.o
 *(.init_array EXCLUDE_FILE(*crtend?.o *crtend.o *crtbegin?.o *crtbegin.o) .ctors)
 .init_array    0x0041fff0        0x4 /usr/lib/gcc-cross/mips-linux-gnu/12/crtbegin.o
                [!provide]                        PROVIDE (__init_array_end = .)

.fini_array     0x0041fff4        0xc
                [!provide]                        PROVIDE (__fini_array_start = .)
 *(SORT_BY_INIT_PRIORITY(.fini_array.*) SORT_BY_INIT_PRIORITY(.dtors.*))
 .fini_array.00100
                0x0041fff4        0x4 aes.o
 .fini_array.00100
                0x0041fff8        0x4 test.o
 *(.fini_array EXCLUDE_FILE(*crtend?.o *crtend.o *crtbegin?.o *crtbegin.o) .dtors)
 .fini_array    0x0041fffc        0x4 /usr/lib/gcc-cross/mips-linux-gnu/12/crtbegin.o
                [!provide]                        PROVIDE (__fini_array_end = .)

.ctors
 *crtbegin.o(.ctors)
 *crtbegin?.o(.ctors)
 *(EXCLUDE_FILE(*crtend?.o *crtend.o) .ctors)
 *(SORT_BY_NAME(.ctors.*))
 *(.ctors)

.dtors
 *crtbegin.o(.dtors)
 *crtbegin?.o(.dtors)
 *(EXCLUDE_FILE(*crtend?.o *crtend.o) .dtors)
 *(SORT_BY_NAME(.dtors.*))
 *(.dtors)

.jcr
 *(.jcr)

.data.rel.ro    0x00420000        0x0
 *(.data.rel.ro.local* .gnu.linkonce.d.rel.ro.local.*)
 *(.data.rel.ro .data.rel.ro.* .gnu.linkonce.d.rel.ro.*)
 .data.rel.ro   0x00420000        0x0 /usr/lib/gcc-cross/mips-linux-gnu/12/../../../../mips-linux-gnu/lib/../lib/crt1.o
                0x00420000                        . = DATA_SEGMENT_RELRO_END (., 0x0)

.got.plt        0x00420000        0x0
 *(.got.plt)
 .got.plt       0x00420000        0x0 /usr/lib/gcc-cross/mips-linux-gnu/12/../../../../mips-linux-gnu/lib/../lib/crt1.o

.data           0x00420000      0x310
                0x00420000                        _fdata = .
 *(.data .data.* .gnu.linkonce.d.*)
 .data          0x00420000       0x10 /usr/lib/gcc-cross/mips-linux-gnu/12/../../../../mips-linux-gnu/lib/../lib/crt1.o
                0x00420000                data_start
                0x00420000                __data_start
 .data          0x00420010        0x0 /usr/lib/gcc-cross/mips-linux-gnu/12/../../../../mips-linux-gnu/lib/../lib/crti.o
 .data          0x00420010        0x0 /usr/lib/gcc-cross/mips-linux-gnu/12/crtbegin.o
 .data          0x00420010        0x0 aes.o
 .data.rel.local
                0x00420010      0x230 aes.o
 .data.rel      0x00420240       0x3c aes.o
 *fill*         0x0042027c        0x4 
 .data          0x00420280        0x0 test.o
 .data.rel.local
                0x00420280       0x38 test.o
 .data.rel      0x004202b8       0x3c test.o
 *fill*         0x004202f4        0xc 
 .data          0x00420300        0x0 /usr/lib/gcc-cross/mips-linux-gnu/12/libgcov.a(_gcov_merge_add.o)
 .data          0x00420300       0x10 /usr/lib/gcc-cross/mips-linux-gnu/12/libgcov.a(_gcov.o)
                0x00420300                __gcov_master
 .data          0x00420310        0x0 /usr/lib/gcc-cross/mips-linux-gnu/12/crtend.o
 .data          0x00420310        0x0 /usr/lib/gcc-cross/mips-linux-gnu/12/../../../../mips-linux-gnu/lib/../lib/crtn.o

.rld_map        0x00420310        0x4
 .rld_map       0x00420310        0x4 /usr/lib/gcc-cross/mips-linux-gnu/12/../../../../mips-linux-gnu/lib/../lib/crt1.o
                0x00420310                __RLD_MAP

.tm_clone_table
                0x00420314        0x0
 .tm_clone_table
                0x00420314        0x0 /usr/lib/gcc-cross/mips-linux-gnu/12/crtbegin.o
 .tm_clone_table
                0x00420314        0x0 /usr/lib/gcc-cross/mips-linux-gnu/12/crtend.o

.data1
 *(.data1)
                0x00420314                        . = .
                0x00428310                        _gp = (ALIGN (0x10) + 0x7ff0)

.got            0x00420320       0xe0
 *(.got)
 .got           0x00420320       0xe0 /usr/lib/gcc-cross/mips-linux-gnu/12/../../../../mips-linux-gnu/lib/../lib/crt1.o
                0x00420320                _GLOBAL_OFFSET_TABLE_

.sdata          0x00420400        0x4
 *(.sdata .sdata.* .gnu.linkonce.s.*)
 .sdata         0x00420400        0x4 /usr/lib/gcc-cross/mips-linux-gnu/12/crtbegin.o
                0x00420400                __dso_handle

.lit8
 *(.lit8)

.lit4
 *(.lit4)
                0x00420404                        _edata = .
                [!provide]                        PROVIDE (edata = .)
                0x00420404                        . = ALIGN (ALIGNOF (NEXT_SECTION))
                0x00420410                        __bss_start = .
                0x00420410                        _fbss = .

.sbss
 *(.dynsbss)
 *(.sbss .sbss.* .gnu.linkonce.sb.*)
 *(.scommon)

.bss            0x00420410      0x280
 *(.dynbss)
 .dynbss        0x00420410        0x0 /usr/lib/gcc-cross/mips-linux-gnu/12/../../../../mips-linux-gnu/lib/../lib/crt1.o
 *(.bss .bss.* .gnu.linkonce.b.*)
 .bss           0x00420410        0x0 /usr/lib/gcc-cross/mips-linux-gnu/12/../../../../mips-linux-gnu/lib/../lib/crt1.o
 .bss           0x00420410        0x0 /usr/lib/gcc-cross/mips-linux-gnu/12/../../../../mips-linux-gnu/lib/../lib/crti.o
 .bss           0x00420410       0x10 /usr/lib/gcc-cross/mips-linux-gnu/12/crtbegin.o
 .bss           0x00420420      0x1e0 aes.o
 .bss           0x00420600       0x50 test.o
 .bss           0x00420650        0x0 /usr/lib/gcc-cross/mips-linux-gnu/12/libgcov.a(_gcov_merge_add.o)
 .bss           0x00420650       0x40 /usr/lib/gcc-cross/mips-linux-gnu/12/libgcov.a(_gcov.o)
                0x00420650                __gcov_kvp_dynamic_pool_size
                0x00420654                __gcov_kvp_dynamic_pool_index
                0x00420658                __gcov_kvp_dynamic_pool
                0x0042065c                __gcov_root
                0x0042066c                __gcov_error_file
                0x00420670                __gcov_var
 .bss           0x00420690        0x0 /usr/lib/gcc-cross/mips-linux-gnu/12/crtend.o
 .bss           0x00420690        0x0 /usr/lib/gcc-cross/mips-linux-gnu/12/../../../../mips-linux-gnu/lib/../lib/crtn.o
 *(COMMON)
                0x00420690                        . = ALIGN ((. != 0x0)?0x4:0x1)
                0x00420690                        . = ALIGN (0x4)
                0x00420690                        . = SEGMENT_START ("ldata-segment", .)
                0x00420690                        . = ALIGN (0x4)
                0x00420690                        _end = .
                [!provide]                        PROVIDE (end = .)
                0x00420690                        . = DATA_SEGMENT_END (.)

.stab
 *(.stab)

.stabstr
 *(.stabstr)

.stab.excl
 *(.stab.excl)

.stab.exclstr
 *(.stab.exclstr)

.stab.index
 *(.stab.index)

.stab.indexstr
 *(.stab.indexstr)

.comment        0x00000000       0x26
 *(.comment)
 .comment       0x00000000       0x26 /usr/lib/gcc-cross/mips-linux-gnu/12/crtbegin.o
                                 0x27 (size before relaxing)
 .comment       0x00000026       0x27 aes.o
 .comment       0x00000026       0x27 test.o
 .comment       0x00000026       0x27 /usr/lib/gcc-cross/mips-linux-gnu/12/crtend.o

.pdr            0x00000000      0x500
 .pdr           0x00000000        0x0 /usr/lib/gcc-cross/mips-linux-gnu/12/../../../../mips-linux-gnu/lib/../lib/crt1.o
 .pdr           0x00000000        0x0 /usr/lib/gcc-cross/mips-linux-gnu/12/../../../../mips-linux-gnu/lib/../lib/crti.o
 .pdr           0x00000000        0x0 /usr/lib/gcc-cross/mips-linux-gnu/12/crtbegin.o
 .pdr           0x00000000      0x200 aes.o
 .pdr           0x00000200       0x80 test.o
 .pdr           0x00000280       0x20 /usr/lib/gcc-cross/mips-linux-gnu/12/libgcov.a(_gcov_merge_add.o)
 .pdr           0x000002a0      0x260 /usr/lib/gcc-cross/mips-linux-gnu/12/libgcov.a(_gcov.o)
 .pdr           0x00000500        0x0 /usr/lib/gcc-cross/mips-linux-gnu/12/crtend.o
 .pdr           0x00000500        0x0 /usr/lib/gcc-cross/mips-linux-gnu/12/../../../../mips-linux-gnu/lib/../lib/crtn.o

.gnu.build.attributes
 *(.gnu.build.attributes .gnu.build.attributes.*)

.debug
 *(.debug)

.line
 *(.line)

.debug_srcinfo
 *(.debug_srcinfo)

.debug_sfnames
 *(.debug_sfnames)

.debug_aranges  0x00000000       0x58
 *(.debug_aranges)
 .debug_aranges
                0x00000000       0x20 aes.o
 .debug_aranges
                0x00000020       0x38 test.o

.debug_pubnames
 *(.debug_pubnames)

.debug_info     0x00000000     0x1227
 *(.debug_info .gnu.linkonce.wi.*)
 .debug_info    0x00000000      0xe10 aes.o
 .debug_info    0x00000e10      0x417 test.o

.debug_abbrev   0x00000000      0x545
 *(.debug_abbrev)
 .debug_abbrev  0x00000000      0x396 aes.o
 .debug_abbrev  0x00000396      0x1af test.o

.debug_line     0x00000000      0xd6c
 *(.debug_line .debug_line.* .debug_line_end)
 .debug_line    0x00000000      0xacb aes.o
 .debug_line    0x00000acb      0x2a1 test.o

.debug_frame    0x00000000      0x2a8
 *(.debug_frame)
 .debug_frame   0x00000000      0x224 aes.o
 .debug_frame   0x00000224       0x84 test.o

.debug_str      0x00000000      0x2e8
 *(.debug_str)
 .debug_str     0x00000000      0x2e8 aes.o
                                0x327 (size before relaxing)
 .debug_str     0x000002e8      0x202 test.o

.debug_loc
 *(.debug_loc)

.debug_macinfo
 *(.debug_macinfo)

.debug_weaknames
 *(.debug_weaknames)

.debug_funcnames
 *(.debug_funcnames)

.debug_typenames
 *(.debug_typenames)

.debug_varnames
 *(.debug_varnames)

.debug_pubtypes
 *(.debug_pubtypes)

.debug_ranges
 *(.debug_ranges)

.debug_addr
 *(.debug_addr)

.debug_line_str
 *(.debug_line_str)

.debug_loclists
                0x00000000      0xb25
 *(.debug_loclists)
 .debug_loclists
                0x00000000      0xace aes.o
 .debug_loclists
                0x00000ace       0x57 test.o

.debug_macro
 *(.debug_macro)

.debug_names
 *(.debug_names)

.debug_rnglists
                0x00000000      0x139
 *(.debug_rnglists)
 .debug_rnglists
                0x00000000       0xdc aes.o
 .debug_rnglists
                0x000000dc       0x5d test.o

.debug_str_offsets
 *(.debug_str_offsets)

.debug_sup
 *(.debug_sup)

.gnu.attributes
                0x00000000       0x10
 *(.gnu.attributes)
 .gnu.attributes
                0x00000000       0x10 /usr/lib/gcc-cross/mips-linux-gnu/12/../../../../mips-linux-gnu/lib/../lib/crt1.o
 .gnu.attributes
                0x00000010       0x10 /usr/lib/gcc-cross/mips-linux-gnu/12/../../../../mips-linux-gnu/lib/../lib/crti.o
 .gnu.attributes
                0x00000020       0x10 /usr/lib/gcc-cross/mips-linux-gnu/12/crtbegin.o
 .gnu.attributes
                0x00000030       0x10 aes.o
 .gnu.attributes
                0x00000040       0x10 test.o
 .gnu.attributes
                0x00000050       0x10 /usr/lib/gcc-cross/mips-linux-gnu/12/libgcov.a(_gcov_merge_add.o)
 .gnu.attributes
                0x00000060       0x10 /usr/lib/gcc-cross/mips-linux-gnu/12/libgcov.a(_gcov.o)
 .gnu.attributes
                0x00000070       0x10 /usr/lib/gcc-cross/mips-linux-gnu/12/crtend.o
 .gnu.attributes
                0x00000080       0x10 /usr/lib/gcc-cross/mips-linux-gnu/12/../../../../mips-linux-gnu/lib/../lib/crtn.o

.gptab.sdata
 *(.gptab.data)
 *(.gptab.sdata)

.gptab.sbss
 *(.gptab.bss)
 *(.gptab.sbss)

.mdebug.abi32   0x00000000        0x0
 *(.mdebug.abi32)
 .mdebug.abi32  0x00000000        0x0 /usr/lib/gcc-cross/mips-linux-gnu/12/../../../../mips-linux-gnu/lib/../lib/crt1.o
 .mdebug.abi32  0x00000000        0x0 /usr/lib/gcc-cross/mips-linux-gnu/12/crtbegin.o
 .mdebug.abi32  0x00000000        0x0 aes.o
 .mdebug.abi32  0x00000000        0x0 test.o
 .mdebug.abi32  0x00000000        0x0 /usr/lib/gcc-cross/mips-linux-gnu/12/libgcov.a(_gcov_merge_add.o)
 .mdebug.abi32  0x00000000        0x0 /usr/lib/gcc-cross/mips-linux-gnu/12/libgcov.a(_gcov.o)
 .mdebug.abi32  0x00000000        0x0 /usr/lib/gcc-cross/mips-linux-gnu/12/crtend.o

.mdebug.abiN32
 *(.mdebug.abiN32)

.mdebug.abi64
 *(.mdebug.abi64)

.mdebug.abiO64
 *(.mdebug.abiO64)

.mdebug.eabi32
 *(.mdebug.eabi32)

.mdebug.eabi64
 *(.mdebug.eabi64)

.gcc_compiled_long32
 *(.gcc_compiled_long32)

.gcc_compiled_long64
 *(.gcc_compiled_long64)

/DISCARD/
 *(.note.GNU-stack)
 *(.gnu_debuglink)
 *(.gnu.lto_*)
OUTPUT(test.elf elf32-tradbigmips)
